
> echoes-visions-nextjs-cta@0.1.0 build
> prisma generate && node --max-old-space-size=8192 ./node_modules/next/dist/bin/next build

node.exe : Loaded Prisma config from prisma.config.ts.
At line:1 char:1
+ & "C:\Program Files\nodejs/node.exe" "C:\Program Files\nodejs/node_mo ...
+ ~~~~~~~~~~~~~~~~~~~~~~~~~~~~~~~~~~~~~~~~~~~~~~~~~~~~~~~~~~~~~~~~~~~~~
    + CategoryInfo          : NotSpecified: (Loaded Prisma c...isma.config.ts. 
   :String) [], RemoteException
    + FullyQualifiedErrorId : NativeCommandError
 

Prisma schema loaded from prisma\schema.prisma.

Ô£ö Generated Prisma Client (v7.8.0) to .\node_modules\@prisma\client in 5.53s

Start by importing your Prisma Client (See: https://pris.ly/d/importing-client)


Ôû▓ Next.js 16.2.6 (Turbopack)
- Environments: .env

  Creating an optimized production build ...
Ô£ô Compiled successfully in 2.7min
  Running TypeScript ...
  Finished TypeScript in 2.7min ...
  Collecting page data using 7 workers ...

> Build error occurred
Error: ENOENT: no such file or directory, open 
'C:\Users\David\echoes-visions-nextjs-cta\.next\server\pages-manifest.json'
    at ignore-listed frames {
  errno: -4058,
  code: 'ENOENT',
  syscall: 'open',
  path: 'C:\\Users\\David\\echoes-visions-nextjs-cta\\.next\\server\\pages-mani
fest.json'
}
